// Jest Snapshot v1, https://goo.gl/fbAQLP

exports[`#gears/gears Always renders 1`] = `
<ul
  className="shinkansen-gears"
>
  <Reverse>
    <li
      className="shinkansen-gears-reverse"
    >
      <MockLink>
        <a
          className="mock-link"
          href="MOCK TO"
        >
          Reverse
        </a>
      </MockLink>
    </li>
  </Reverse>
  <Forward>
    <li
      className="shinkansen-gears-forward"
    >
      <MockLink>
        <a
          className="mock-link"
          href="MOCK TO"
        >
          Forward
        </a>
      </MockLink>
    </li>
  </Forward>
</ul>
`;
