// Jest Snapshot v1, https://goo.gl/fbAQLP

exports[`#gears/gears Always renders 1`] = `
<ul
  className="shinkansen-gears"
>
  <li
    className="shinkansen-gears-reverse"
  >
    <a
      className="mock-link"
      href={
        {
          "pathname": "MOCK TO",
        }
      }
    >
      Reverse
    </a>
  </li>
  <li
    className="shinkansen-gears-forward"
  >
    <a
      className="mock-link"
      href={
        {
          "pathname": "MOCK TO",
        }
      }
    >
      Forward
    </a>
  </li>
</ul>
`;
